C:\Users\Vlad\Desktop\spring-boot-shop-sample\spring-boot-shop-sample\src\main\java\com\syqu\shop\domain\Category.java
C:\Users\Vlad\Desktop\spring-boot-shop-sample\spring-boot-shop-sample\src\main\java\com\syqu\shop\domain\User.java
C:\Users\Vlad\Desktop\spring-boot-shop-sample\spring-boot-shop-sample\src\main\java\com\syqu\shop\repository\CategoryRepository.java
C:\Users\Vlad\Desktop\spring-boot-shop-sample\spring-boot-shop-sample\src\main\java\com\syqu\shop\controller\RegisterController.java
C:\Users\Vlad\Desktop\spring-boot-shop-sample\spring-boot-shop-sample\src\main\java\com\syqu\shop\domain\Product.java
C:\Users\Vlad\Desktop\spring-boot-shop-sample\spring-boot-shop-sample\src\main\java\com\syqu\shop\service\impl\ProductServiceImpl.java
C:\Users\Vlad\Desktop\spring-boot-shop-sample\spring-boot-shop-sample\src\main\java\com\syqu\shop\controller\HomeController.java
C:\Users\Vlad\Desktop\spring-boot-shop-sample\spring-boot-shop-sample\src\main\java\com\syqu\shop\service\impl\ShoppingCartServiceImpl.java
C:\Users\Vlad\Desktop\spring-boot-shop-sample\spring-boot-shop-sample\src\main\java\com\syqu\shop\controller\LoginController.java
C:\Users\Vlad\Desktop\spring-boot-shop-sample\spring-boot-shop-sample\src\main\java\com\syqu\shop\service\CategoryService.java
C:\Users\Vlad\Desktop\spring-boot-shop-sample\spring-boot-shop-sample\src\main\java\com\syqu\shop\config\WebMvcConfig.java
C:\Users\Vlad\Desktop\spring-boot-shop-sample\spring-boot-shop-sample\src\main\java\com\syqu\shop\config\WebSecurityConfig.java
C:\Users\Vlad\Desktop\spring-boot-shop-sample\spring-boot-shop-sample\src\main\java\com\syqu\shop\controller\ProductController.java
C:\Users\Vlad\Desktop\spring-boot-shop-sample\spring-boot-shop-sample\src\main\java\com\syqu\shop\controller\UserController.java
C:\Users\Vlad\Desktop\spring-boot-shop-sample\spring-boot-shop-sample\src\main\java\com\syqu\shop\validator\ProductValidator.java
C:\Users\Vlad\Desktop\spring-boot-shop-sample\spring-boot-shop-sample\src\main\java\com\syqu\shop\service\impl\UserDetailsServiceImpl.java
C:\Users\Vlad\Desktop\spring-boot-shop-sample\spring-boot-shop-sample\src\main\java\com\syqu\shop\service\ShoppingCartService.java
C:\Users\Vlad\Desktop\spring-boot-shop-sample\spring-boot-shop-sample\src\main\java\com\syqu\shop\repository\UserRepository.java
C:\Users\Vlad\Desktop\spring-boot-shop-sample\spring-boot-shop-sample\src\main\java\com\syqu\shop\StartupData.java
C:\Users\Vlad\Desktop\spring-boot-shop-sample\spring-boot-shop-sample\src\main\java\com\syqu\shop\service\ProductService.java
C:\Users\Vlad\Desktop\spring-boot-shop-sample\spring-boot-shop-sample\src\main\java\com\syqu\shop\Application.java
C:\Users\Vlad\Desktop\spring-boot-shop-sample\spring-boot-shop-sample\src\main\java\com\syqu\shop\service\impl\CategoryServiceImpl.java
C:\Users\Vlad\Desktop\spring-boot-shop-sample\spring-boot-shop-sample\src\main\java\com\syqu\shop\service\impl\UserServiceImpl.java
C:\Users\Vlad\Desktop\spring-boot-shop-sample\spring-boot-shop-sample\src\main\java\com\syqu\shop\validator\UserValidator.java
C:\Users\Vlad\Desktop\spring-boot-shop-sample\spring-boot-shop-sample\src\main\java\com\syqu\shop\service\UserService.java
C:\Users\Vlad\Desktop\spring-boot-shop-sample\spring-boot-shop-sample\src\main\java\com\syqu\shop\controller\CartController.java
C:\Users\Vlad\Desktop\spring-boot-shop-sample\spring-boot-shop-sample\src\main\java\com\syqu\shop\repository\ProductRepository.java
