C:\Users\Vlad\Desktop\spring-boot-shop-sample\spring-boot-shop-sample\src\test\java\com\syqu\shop\service\UserServiceTests.java
C:\Users\Vlad\Desktop\spring-boot-shop-sample\spring-boot-shop-sample\src\test\java\com\syqu\shop\model\UserEntityTests.java
C:\Users\Vlad\Desktop\spring-boot-shop-sample\spring-boot-shop-sample\src\test\java\com\syqu\shop\controller\HomeControllerMvcTests.java
C:\Users\Vlad\Desktop\spring-boot-shop-sample\spring-boot-shop-sample\src\test\java\com\syqu\shop\repository\UserRepositoryTests.java
C:\Users\Vlad\Desktop\spring-boot-shop-sample\spring-boot-shop-sample\src\test\java\com\syqu\shop\service\ProductServiceTests.java
C:\Users\Vlad\Desktop\spring-boot-shop-sample\spring-boot-shop-sample\src\test\java\com\syqu\shop\ApplicationTests.java
C:\Users\Vlad\Desktop\spring-boot-shop-sample\spring-boot-shop-sample\src\test\java\com\syqu\shop\model\ProductEntityTests.java
C:\Users\Vlad\Desktop\spring-boot-shop-sample\spring-boot-shop-sample\src\test\java\com\syqu\shop\creator\ProductCreator.java
C:\Users\Vlad\Desktop\spring-boot-shop-sample\spring-boot-shop-sample\src\test\java\com\syqu\shop\creator\UserCreator.java
C:\Users\Vlad\Desktop\spring-boot-shop-sample\spring-boot-shop-sample\src\test\java\com\syqu\shop\repository\ProductRepositoryTests.java
C:\Users\Vlad\Desktop\spring-boot-shop-sample\spring-boot-shop-sample\src\test\java\com\syqu\shop\service\ShoppingCartServiceTests.java
C:\Users\Vlad\Desktop\spring-boot-shop-sample\spring-boot-shop-sample\src\test\java\com\syqu\shop\controller\LoginControllerMvcTests.java
C:\Users\Vlad\Desktop\spring-boot-shop-sample\spring-boot-shop-sample\src\test\java\com\syqu\shop\controller\CartControllerMvcTests.java
C:\Users\Vlad\Desktop\spring-boot-shop-sample\spring-boot-shop-sample\src\test\java\com\syqu\shop\controller\ControllersTests.java
